# Welcome to Bootie

if not "%@UEFI%"=="" set moddir=/mod/uefi
if "%@UEFI%"=="" set moddir=/mod/bios

if "%firstboot%"=="" set firstboot=1 ;; %moddir%/file-browser /ISO

timeout 3
color red/black
graphicsmode -1 800 || graphicsmode 0x6A
default 2

title Bootie boot menu
pause

title ----
pause

title Browse ISOs (/ISO)
%moddir%/file-browser /ISO
configfile /menu.lst

title Snake game
%moddir%/snake
configfile /menu.lst

title Tetris game
%moddir%/tetris
configfile /menu.lst

title Breakout game
%moddir%/breakout
configfile /menu.lst

title Nyan the cat
%moddir%/nyan
configfile /menu.lst

title Screen test
%moddir%/screen_test
configfile /menu.lst

title Timer
%moddir%/timer
configfile /menu.lst

iftitle [find /grubfm_multiarch.iso] Grub File Manager (/grubfm_multiarch.iso)
find --set-root /grubfm_multiarch.iso
map --mem /grubfm_multiarch.iso (0xff)
map --hook
root (0xff)
chainloader (0xff)
boot

title ----
pause

iftitle [if exist /slax/boot/vmlinuz] Slax
kernel /slax/boot/vmlinuz vga=normal load_ramdisk=1 prompt_ramdisk=0 rw printk.time=0 consoleblank=0 perchdir=resume automount
initrd /slax/boot/initrfs.img
boot

iftitle [if %@UEFI%==64 && find --devices=h /EFI/OC/Opencore.efi] Opencore (EFI)
find --devices=h --set-root /EFI/OC/Opencore.efi
chainloader /EFI/OC/Opencore.efi

iftitle [if %@UEFI%==64 && find --devices=h /EFI/Tools/modGRUBShell.efi] Modified GRUB shell (EFI)
find --devices=h --set-root /EFI/Tools/modGRUBShell.efi
chainloader /EFI/Tools/modGRUBShell.efi

title Reboot
echo Rebooting...
reboot

title Poweroff
echo Powering off...
halt
